2025-07-29 13:18:30,037 - utils - INFO - Данные успешно записаны
2025-07-29 13:18:30,073 - utils - INFO - Данные успешно созданы
2025-07-29 13:18:30,079 - utils - INFO - Данные успешно записаны
2025-07-29 13:18:30,080 - utils - INFO - Данные успешно записаны
2025-07-29 13:18:30,080 - utils - INFO - Данные успешно записаны
2025-07-29 13:18:30,080 - utils - INFO - Данные успешно записаны
2025-07-29 13:18:30,081 - utils - INFO - Данные успешно записаны
2025-07-29 13:18:30,081 - utils - INFO - Данные успешно записаны
2025-07-29 13:18:30,081 - utils - INFO - Данные успешно созданы
2025-07-29 13:18:30,564 - utils - ERROR - Ошибка!
2025-07-29 13:18:30,870 - utils - ERROR - Ошибка!
2025-07-29 13:18:31,585 - utils - ERROR - Ошибка!
2025-07-29 13:18:32,234 - utils - ERROR - Ошибка!
2025-07-29 13:18:32,859 - utils - ERROR - Ошибка!
2025-07-29 13:18:33,465 - utils - ERROR - Ошибка!
2025-07-29 13:18:34,126 - utils - ERROR - Ошибка!
2025-07-29 13:18:34,127 - utils - INFO - Данные успешно созданы
2025-07-29 13:18:34,127 - views - INFO - Данные успешно созданы
2025-07-29 13:18:41,376 - utils - INFO - Данные успешно записаны
2025-07-29 13:18:41,377 - services - INFO - Данные успешно созданы
2025-07-29 13:18:41,379 - views - INFO - Данные успешно созданы
2025-07-29 13:18:41,404 - reports - INFO - Данные успешно преобразованы в DataFrame
2025-07-29 13:18:56,930 - reports - INFO - Данные успешно преобразованы в DataFrame
2025-07-29 13:18:56,931 - views - INFO - Данные успешно созданы
